[backblue.gif]
[fade.gif]
[index.html]
[www.schoolaura.com/Content/assets/images/favicon.ico]
[cdnjs.cloudflare.com/ajax/libs/font-awesome/5.15.3/css/all.min.css]
[cdn.jsdelivr.net/npm/bootstrap@4.6.0/dist/css/bootstrap.min.css]
[unpkg.com/aos@2.3.1/dist/aos.css]
[cdnjs.cloudflare.com/ajax/libs/OwlCarousel2/2.3.4/assets/owl.carousel.min.css]
[cdnjs.cloudflare.com/ajax/libs/OwlCarousel2/2.3.4/assets/owl.theme.default.min.css]
[translate.google.com/translate_a/elementa0d8.js]
[ajax.aspnetcdn.com/ajax/jQuery/jquery-3.4.1.min.js]
[www.schoolaura.com/Content/new_assets/script/main.js]
[www.schoolaura.com/Content/assets/images/logo_school.png]
[www.schoolaura.com/Content/new_assets/images/header/user-img.png]
[www.schoolaura.com/Content/new_assets/images/banner-2/Layer-20.png]
[www.schoolaura.com/Content/new_assets/images/school_aura_app.jpg]
[www.schoolaura.com/Content/new_assets/images/spreading/spreading.png]
[www.schoolaura.com/Content/new_assets/images/spreading/Clip.png]
[www.schoolaura.com/Content/new_assets/images/happy-clients/client.png]
[www.schoolaura.com/Content/new_assets/images/happy-clients/client-1.png]
[www.schoolaura.com/Content/new_assets/images/happy-clients/client-2.png]
[www.schoolaura.com/Content/new_assets/images/happy-clients/client-3.png]
[www.schoolaura.com/Content/new_assets/images/happy-clients/client-4.png]
[www.schoolaura.com/Content/new_assets/images/tutor-solution-page/user2.jpg]
[www.schoolaura.com/Content/new_assets/images/tutor-solution-page/user-3.png]
[www.schoolaura.com/Content/new_assets/images/tutor-solution-page/user-4.jpg]
[www.schoolaura.com/Content/new_assets/images/tutor-solution-page/user-5.jpg]
[www.schoolaura.com/Content/new_assets/images/tutor-solution-page/user-6.jpg]
[www.schoolaura.com/Content/new_assets/images/subscribe/Clip.png]
[www.schoolaura.com/Content/new_assets/images/footer-icon/fb.png]
[www.schoolaura.com/Content/new_assets/images/footer-icon/insta.png]
[www.schoolaura.com/Content/new_assets/images/footer-icon/twitter.png]
[www.schoolaura.com/Content/new_assets/images/footer-icon/whatsapp.png]
[cdn.jsdelivr.net/npm/bootstrap@4.6.0/dist/js/bootstrap.bundle.min.js]
[unpkg.com/aos@2.3.1/dist/aos.js]
[cdnjs.cloudflare.com/ajax/libs/OwlCarousel2/2.3.4/owl.carousel.min.js]
[s3.amazonaws.com/downloads.mailchimp.com/js/mc-validate.js]
[www.schoolaura.com/index.html]
[www.schoolaura.com/Content/new_assets/css/color.css]
[www.schoolaura.com/Content/new_assets/css/reset.css]
[www.schoolaura.com/Content/new_assets/images/header/logo-cloud.png]
[www.schoolaura.com/Content/new_assets/images/header/banner-bg.png]
[www.schoolaura.com/Content/new_assets/images/header/header-girl-icon.png]
[www.schoolaura.com/Content/new_assets/images/contact-us/pexels-max-fischer-5212700.jpg]
[www.schoolaura.com/Content/new_assets/css/style.css]
[www.schoolaura.com/Content/new_assets/css/typography.css]
[cdnjs.cloudflare.com/ajax/libs/font-awesome/5.15.3/css/all.min.css]
[cdn.jsdelivr.net/npm/bootstrap@4.6.0/dist/css/bootstrap.min.css]
[unpkg.com/aos@2.3.1/dist/aos.css]
[cdnjs.cloudflare.com/ajax/libs/OwlCarousel2/2.3.4/assets/owl.video.play.png]
[cdnjs.cloudflare.com/ajax/libs/OwlCarousel2/2.3.4/assets/owl.carousel.min.css]
[cdnjs.cloudflare.com/ajax/libs/OwlCarousel2/2.3.4/assets/owl.theme.default.min.css]
[www.schoolaura.com/account/login.html]
[www.schoolaura.com/account/register.html]
[www.schoolaura.com/Content/new_assets/images/enterance-exam-page/NoPath.png]
[www.schoolaura.com/Content/new_assets/images/enterance-exam-page/process.png]
[www.schoolaura.com/exam6a9f.html]
[www.schoolaura.com/examc68d.html]
[www.schoolaura.com/examb195.html]
[www.schoolaura.com/course9cbf.html]
[www.schoolaura.com/coursea8fc.html]
[www.schoolaura.com/course9018.html]
[www.schoolaura.com/Content/new_assets/images/find-tutor/undraw_Video_call_re_4p26.png]
[www.schoolaura.com/find-tutor.html]
[admin.schoolaura.com/content/adminschoolaura/blog/20210761103000_536.193.delayed]
[admin.schoolaura.com/content/adminschoolaura/blog/20210771117040_244.197.delayed]
[admin.schoolaura.com/content/adminschoolaura/blog/20210711837320_830.19b.delayed]
[www.schoolaura.com/blogs.html]
[www.schoolaura.com/Content/new_assets/images/contact-us/team-2.jpg]
[www.schoolaura.com/contact.html]
[www.schoolaura.com/home/competitive_solutions.html]
[www.schoolaura.com/home/school_solutions.html]
[www.schoolaura.com/Content/new_assets/images/banner-2/Clip.png]
[www.schoolaura.com/Content/new_assets/images/education_for_student.png]
[www.schoolaura.com/Content/assets/images/faq.png]
[www.schoolaura.com/about.html]
[www.schoolaura.com/benefits.html]
[www.schoolaura.com/term_conditions.html]
[www.schoolaura.com/Content/new_assets/images/blog/pexels-fauxels-3184360.html]
[www.schoolaura.com/Content/new_assets/images/blog/pen_PNG7412.html]
[www.schoolaura.com/images/enterance-exam-page/process.html]
[www.schoolaura.com/Content/assets_inner/js/jquery.unobtrusive-ajax.min.js]
[www.schoolaura.com/account/loginc302.html]
[www.schoolaura.com/account/loginf994.html]
[www.schoolaura.com/account/login0ce0.html]
[www.schoolaura.com/account/login3798.html]
[www.schoolaura.com/account/logind393.html]
[www.schoolaura.com/account/login131f.html]
[www.schoolaura.com/account/login4c18.html]
[www.schoolaura.com/account/logine63a.html]
[www.schoolaura.com/account/login75ba.html]
[www.schoolaura.com/account/login1f40.html]
[www.schoolaura.com/account/logind6eb.html]
[www.schoolaura.com/account/loginde03.html]
[www.schoolaura.com/account/login0252.html]
[www.schoolaura.com/account/login30b6.html]
[www.schoolaura.com/account/login239d.html]
[www.schoolaura.com/account/login65c3.html]
[www.schoolaura.com/account/loginde36.html]
[www.schoolaura.com/account/login517c.html]
[www.schoolaura.com/account/login6de7.html]
[www.schoolaura.com/account/login0670.html]
[www.schoolaura.com/account/login4682.html]
[www.schoolaura.com/account/login9093.html]
[www.schoolaura.com/account/login133f.html]
[www.schoolaura.com/account/login1f87.html]
[www.schoolaura.com/account/login0c46.html]
[www.schoolaura.com/account/loginfc9a.html]
[www.schoolaura.com/account/login96d4.html]
[www.schoolaura.com/account/login0610.html]
[www.schoolaura.com/account/login9ab2.html]
[www.schoolaura.com/account/loginfe94.html]
[www.schoolaura.com/account/loginfb55.html]
[www.schoolaura.com/account/logincf9a.html]
[www.schoolaura.com/account/loginf736.html]
[www.schoolaura.com/account/login2ca1.html]
[www.schoolaura.com/account/login9090.html]
[www.schoolaura.com/account/logindb6d.html]
[www.schoolaura.com/account/logind263.html]
[www.schoolaura.com/account/logina751.html]
[www.schoolaura.com/account/login05e1.html]
[www.schoolaura.com/account/login086c.html]
[www.schoolaura.com/account/login45db.html]
[www.schoolaura.com/account/login9bbf.html]
[www.schoolaura.com/account/login3c8c.html]
[www.schoolaura.com/account/loginb508.html]
[www.schoolaura.com/account/login68f1.html]
[www.schoolaura.com/account/login3a3d.html]
[www.schoolaura.com/account/login5580.html]
[www.schoolaura.com/account/login67c7.html]
[www.schoolaura.com/account/loginf075.html]
[www.schoolaura.com/account/login2e08.html]
[www.schoolaura.com/account/login1356.html]
[www.schoolaura.com/account/login16d6.html]
[www.schoolaura.com/account/login69ce.html]
[www.schoolaura.com/account/login4cd0.html]
[www.schoolaura.com/account/login86a5.html]
[www.schoolaura.com/account/logine059.html]
[www.schoolaura.com/account/logineba2.html]
[www.schoolaura.com/account/loginc637.html]
[www.schoolaura.com/account/logina0ae.html]
[www.schoolaura.com/account/logindfb2.html]
[www.schoolaura.com/account/login7737.html]
[www.schoolaura.com/account/loginc18e.html]
[www.schoolaura.com/account/login79f8.html]
[www.schoolaura.com/account/loginac36.html]
[www.schoolaura.com/account/login964a.html]
[www.schoolaura.com/account/logind053.html]
[www.schoolaura.com/account/logine7a9.html]
[www.schoolaura.com/account/login610f.html]
[www.schoolaura.com/account/login5460.html]
[www.schoolaura.com/account/logine1d3.html]
[www.schoolaura.com/account/login0482.html]
[www.schoolaura.com/account/login647d.html]
[www.schoolaura.com/account/logine642.html]
[www.schoolaura.com/account/login192a.html]
[www.schoolaura.com/account/loginf95a.html]
[www.schoolaura.com/account/login33fe.html]
[www.schoolaura.com/account/loginb88d.html]
[www.schoolaura.com/account/loginb4c4.html]
[www.schoolaura.com/account/login2c03.html]
[www.schoolaura.com/account/loginb4df.html]
[www.schoolaura.com/account/login6361.html]
[www.schoolaura.com/account/loginf357.html]
[www.schoolaura.com/account/login6140.html]
[www.schoolaura.com/account/login07dc.html]
[www.schoolaura.com/account/loginc758.html]
[www.schoolaura.com/account/login3881.html]
[www.schoolaura.com/account/logindb21.html]
[www.schoolaura.com/account/login0589.html]
[www.schoolaura.com/account/login1f20.html]
[www.schoolaura.com/account/login0047.html]
[www.schoolaura.com/account/login5bc3.html]
[admin.schoolaura.com/content/adminschoolaura/blog/404]
[admin.schoolaura.com/content/adminschoolaura/blog/404-2]
[admin.schoolaura.com/content/adminschoolaura/blog/404-3]
[www.schoolaura.com/features]
[www.schoolaura.com/account/login80d6.html]
[www.schoolaura.com/account/loginca1b.html]
[www.schoolaura.com/account/login78fd.html]
[www.schoolaura.com/account/login2882.html]
[www.schoolaura.com/course/study4339]
[www.schoolaura.com/account/login0198]
[www.schoolaura.com/account/login82bf.html]
[www.schoolaura.com/account/login1d6b]
[www.schoolaura.com/account/logind87a.html]
[www.schoolaura.com/account/loginba8c.html]
[www.schoolaura.com/account/login0052.html]
[www.schoolaura.com/course/studyfd4d]
[www.schoolaura.com/account/login0ee3.html]
[www.schoolaura.com/account/login78ef.html]
[www.schoolaura.com/account/loginf769]
[www.schoolaura.com/account/login3f3c.html]
[www.schoolaura.com/home/entrance_solutions.html]
[www.schoolaura.com/mcq-exama9e4.html]
[www.schoolaura.com/mcq-exam8ae5.html]
[www.schoolaura.com/mcq-exam8e86.html]
[www.schoolaura.com/mcq-exam28d8.html]
[www.schoolaura.com/mcq-exam4c2a.html]
[www.schoolaura.com/mcq-examfac3.html]
[www.schoolaura.com/mcq-exama032.html]
[www.schoolaura.com/mcq-exam0cc6.html]
[www.schoolaura.com/mcq-exam82b9.html]
[www.schoolaura.com/mcq-exama889.html]
[www.schoolaura.com/mcq-examddde.html]
[www.schoolaura.com/mcq-exam6c8b.html]
[www.schoolaura.com/mcq-examf8d6.html]
[www.schoolaura.com/mcq-exam5883.html]
[www.schoolaura.com/mcq-exam7023.html]
[www.schoolaura.com/mcq-exam3abb.html]
[www.schoolaura.com/mcq-exam6cb9.html]
[www.schoolaura.com/mcq-examd3d4.html]
[www.schoolaura.com/mcq-exame276.html]
[www.schoolaura.com/mcq-exam9327.html]
[www.schoolaura.com/mcq-exam6eb9.html]
[www.schoolaura.com/mcq-exam9e13]
[www.schoolaura.com/mcq-exam7d33.html]
[www.schoolaura.com/mcq-exam254e.html]
[www.schoolaura.com/mcq_exam/exam_list3acc.html]
[www.schoolaura.com/mcq_exam/exam_list637c.html]
[www.schoolaura.com/mcq_exam/exam_listff56.html]
[www.schoolaura.com/mcq_exam/exam_list01fd.html]
[www.schoolaura.com/mcq_exam/exam_listafe5.html]
[www.schoolaura.com/mcq_exam/exam_list576a.html]
[www.schoolaura.com/mcq_exam/exam_liste4f6.html]
[www.schoolaura.com/mcq_exam/exam_listd0b8.html]
[www.schoolaura.com/mcq_exam/exam_list7bad.html]
[www.schoolaura.com/mcq_exam/exam_list333a.html]
[www.schoolaura.com/mcq_exam/exam_listbfa9.html]
[www.schoolaura.com/mcq_exam/exam_list95d4.html]
[www.schoolaura.com/mcq_exam/exam_liste168.html]
[www.schoolaura.com/mcq_exam/exam_listb4a5.html]
[www.schoolaura.com/mcq_exam/exam_list0dff.html]
[www.schoolaura.com/mcq_exam/exam_list1de2.html]
[www.schoolaura.com/mcq_exam/exam_list4c80.html]
[www.schoolaura.com/mcq_exam/exam_listcc2a.html]
[www.schoolaura.com/mcq_exam/exam_list146a.html]
[www.schoolaura.com/mcq_exam/exam_list7d2f.html]
[www.schoolaura.com/mcq_exam/exam_listbfa0.html]
[www.schoolaura.com/mcq_exam/exam_liste8ab.html]
[www.schoolaura.com/mcq_exam/exam_list9262.html]
[www.schoolaura.com/mcq_exam/exam_listeec3.html]
[www.schoolaura.com/mcq_exam/exam_list5b39.html]
[www.schoolaura.com/mcq_exam/exam_list208c.html]
[www.schoolaura.com/mcq_exam/exam_list6aaa.html]
[www.schoolaura.com/mcq_exam/exam_listfb48.html]
[www.schoolaura.com/mcq_exam/exam_listb457]
[www.schoolaura.com/mcq_exam/exam_list8e01.html]
[www.schoolaura.com/mcq_exam/exam_listd021.html]
[www.schoolaura.com/mcq_exam/exam_list6f7b.html]
[www.schoolaura.com/mcq_exam/exam_list2a8d.html]
[www.schoolaura.com/mcq_exam/exam_list412d.html]
[www.schoolaura.com/mcq_exam/exam_list2924.html]
[www.schoolaura.com/mcq_exam/exam_list3920.html]
[www.schoolaura.com/mcq_exam/exam_lista9c3.html]
[www.schoolaura.com/mcq_exam/exam_listd7c2.html]
[www.schoolaura.com/mcq_exam/exam_lista79a.html]
[www.schoolaura.com/mcq_exam/exam_list335c]
[www.schoolaura.com/mcq_exam/exam_list3155.html]
[www.schoolaura.com/mcq_exam/exam_listcf5c.html]
[www.schoolaura.com/mcq_exam/exam_list3117.html]
[www.schoolaura.com/mcq_exam/exam_list8e9f.html]
[www.schoolaura.com/mcq_exam/exam_list3fc5.html]
[www.schoolaura.com/mcq_exam/exam_list0ea8.html]
[www.schoolaura.com/mcq_exam/exam_list6d64.html]
[www.schoolaura.com/mcq_exam/exam_list2202.html]
[www.schoolaura.com/mcq_exam/exam_list37bc.html]
[www.schoolaura.com/mcq_exam/exam_listd9fc.html]
[www.schoolaura.com/mcq_exam/exam_listdcf4.html]
[www.schoolaura.com/mcq_exam/exam_list67b6.html]
[www.schoolaura.com/mcq_exam/exam_listfdf4.html]
[www.schoolaura.com/mcq_exam/exam_liste62a.html]
[www.schoolaura.com/mcq_exam/exam_list5511.html]
[www.schoolaura.com/mcq_exam/exam_listc424.html]
[www.schoolaura.com/mcq_exam/exam_list028e.html]
[www.schoolaura.com/mcq_exam/exam_list153f.html]
[www.schoolaura.com/mcq_exam/exam_list17e1.html]
[www.schoolaura.com/mcq_exam/exam_listed56.html]
[www.schoolaura.com/mcq_exam/exam_list1827.html]
[www.schoolaura.com/mcq_exam/exam_listd7e8.html]
[www.schoolaura.com/mcq_exam/exam_listebb0.html]
[www.schoolaura.com/mcq_exam/exam_list102d.html]
[www.schoolaura.com/mcq_exam/exam_listfa38.html]
[www.schoolaura.com/mcq_exam/exam_list9f7f.html]
[www.schoolaura.com/mcq_exam/exam_list0167.html]
[www.schoolaura.com/mcq_exam/exam_list87d6.html]
[www.schoolaura.com/mcq_exam/exam_listcde6.html]
[www.schoolaura.com/mcq_exam/exam_list1f8a.html]
[www.schoolaura.com/mcq_exam/exam_list96fb.html]
[www.schoolaura.com/mcq_exam/exam_list8590.html]
[www.schoolaura.com/mcq_exam/exam_list2e59.html]
[www.schoolaura.com/mcq_exam/exam_list8743.html]
[www.schoolaura.com/mcq_exam/exam_listc8bd.html]
[www.schoolaura.com/mcq_exam/exam_list2a2e.html]
[www.schoolaura.com/mcq_exam/exam_list2cd1.html]
[www.schoolaura.com/mcq_exam/exam_listef05.html]
[www.schoolaura.com/mcq_exam/exam_list49e7.html]
[www.schoolaura.com/mcq_exam/exam_list6bfc.html]
[www.schoolaura.com/mcq_exam/exam_liste29a.html]
[www.schoolaura.com/mcq_exam/exam_listd751.html]
[www.schoolaura.com/mcq_exam/exam_listf72d.html]
[www.schoolaura.com/mcq_exam/exam_listc9e4.html]
[www.schoolaura.com/mcq_exam/exam_listbd0f.html]
[www.schoolaura.com/mcq_exam/exam_lista24b.html]
[www.schoolaura.com/mcq_exam/exam_listb5cd.html]
[www.schoolaura.com/mcq_exam/exam_list4104.html]
[www.schoolaura.com/mcq_exam/exam_list26ab.html]
[www.schoolaura.com/mcq_exam/exam_listebb9.html]
[www.schoolaura.com/mcq_exam/exam_listaa29.html]
[www.schoolaura.com/mcq_exam/exam_list1345.html]
[www.schoolaura.com/mcq_exam/exam_listee69.html]
[www.schoolaura.com/mcq_exam/exam_list2569.html]
[www.schoolaura.com/mcq_exam/exam_listb3e2.html]
[www.schoolaura.com/mcq_exam/exam_listd93a.html]
[www.schoolaura.com/mcq_exam/exam_liste535.html]
[www.schoolaura.com/mcq_exam/exam_liste4d0.html]
[www.schoolaura.com/mcq_exam/exam_list3098.html]
[www.schoolaura.com/mcq_exam/exam_list9643.html]
[www.schoolaura.com/mcq_exam/exam_list56e5.html]
[www.schoolaura.com/mcq_exam/exam_list82d1.html]
[www.schoolaura.com/mcq_exam/exam_list91f8.html]
[www.schoolaura.com/mcq_exam/exam_list5fd0.html]
[www.schoolaura.com/mcq_exam/exam_list89c6.html]
[www.schoolaura.com/mcq_exam/exam_list9e84.html]
[www.schoolaura.com/mcq_exam/exam_list7494.html]
[www.schoolaura.com/mcq_exam/exam_list4d0e.html]
[www.schoolaura.com/mcq_exam/exam_listbfa7.html]
[www.schoolaura.com/mcq_exam/exam_list5728.html]
[www.schoolaura.com/mcq_exam/exam_list5a39.html]
[www.schoolaura.com/mcq_exam/exam_list31e1.html]
[www.schoolaura.com/account/login9c81.html]
[www.schoolaura.com/account/login9259.html]
[www.schoolaura.com/course/study0932.html]
[www.schoolaura.com/blogs/blog_detail/Free_Online_Classes_and_Study5b1f.html]
[www.schoolaura.com/blogs/blog_detail/Start_Online_Study_With_SchoolAura7d86.html]
[www.schoolaura.com/blogs/blog_detail/Free_Online_Exam_Practicec15d.html]
[www.schoolaura.com/Content/assets/images/services-backgrondpng.png]
